https://www.hostinger.com.br/tutoriais/comandos-basicos-de-git?ppc_campaign=google_performance_max&gclid=Cj0KCQiAzMGNBhCyARIsANpUkzMptndkb2WI8yDx95kT_1ICV-5t4LKKuDMORASt4kHwmmvRqTvZIScaAjzPEALw_wcB


Estágios do Git
---------------

untracked           unmodified          modified            staged
=========           ==========          ========            ======
                            Edit the file
                        ------------------->

        Add file
    ------------------->                        Stage the file
                                            ------------------>
        Remove the file
    <--------------------

                                        Commit
                        <--------------------------------------

 

Integração Git com Eclipse
--------------------------

1. Verificar as configurações do Git dentro do Eclipse:

    . Acesse o item de menu Windows -> Preferences

    . Digite no campo de busca "git"
        . Observe o local onde o git armazenará os arquivos/projetos "Default Repository Folder":
            /home/marco/git
        . Acesse o local "Configuration" e insira os parâmetros 
            user.name = Marco Antonio da Silva
            user.email = maransi


2. Vá no site do git para criar um repositorio:

    . Acesse o link https://github.com/ e faça o login da sua conta

    . Clique no botão "Create Repository"

    . Informe o nome do repositorio

    . Acione o check com nome "Initialize this Repository with a README"

    . Na lista "Add .gitignore" escolha o item "Java"

    . Clique no botão "Create Repository"

    . Ao ser desviado para a nova tela do repositorio, clique no botão "Clone or Download" e
        copia a URL que será mostrada Ctrl+c


3. Configuração do novo repositorio no Eclipse:

    . No eclipse mude para a perspectiva do Git

    . Somente a primeira vez (Quando não temos nenhum repositorio configurado) será apresentado os links:

        Add an existing local git repository
        Clone git repository
        Create a new local git repository

    . Clique no link "Clone Git Repository", será apresentado a tela "Source Git Repository"

        . Por causa do Ctrl+c anterior as informações de localização de URLs já serão preenchidas

        . Coloque o usuário, senha e clique o check "Store in Secure Store"

    . Clique em Next > nas telas seguintes "Branch Selection" e "Local Destination"

        . Na tela "Local Destination" já vem configurado as informações das pastas de armazenamento
            local do git configurado no item 1
        . Na tela "Local Destination" clique no botão "Finish"
        . Se precisar clonar novos repositorios acesse a aba da esquerda "Git Repositories" e clique
            no botão "Clone a Git Repository and add the clone to this view"

4. Adicionando o projeto ao repositorio do Git:

    . Volte para a perspectiva Java

    . Clique com o botão direito no nó principal do projeto na estrutura de projetos e escolha a opção
        "Team -> Share Project..."

    . Será apresentado a tela "Configure Git Repository"

        . No campo "Repository Directory:" digite o nome do projeto java e "Finish";

        . Clique em "Finish". Ao termino da ação o Plugin do eclipse irá informar que o projeto será controlado
            pelo Github, adicionando ele a esse controle. Todos os icones dos nós do projeto com o simbolo de "?", 
            indicando que cada arquivo do projeto não está ainda no repositorio local do Github

    . Para transferir o projeto para a pasta local do Github, clique com o botão direito no nó principal 
        do projeto acesse a opção Team -> Synchronize Workspace

        . Importante: ao termino desta ação o eclipse irá mudar a perspectiva para "Team Sinchronizing"
            e é nesta perspectiva que aparecerá as informações abaixo

    . Na perspectiva "Team Synchronizing" clique sobre o nó do projeto que irá para a nuvem;

    . Nem todos os arquivos deverão ir para a nuvem, para desconsiderar esses arquivos clique com botão direito 
        em cada um dos arquivos do tipo abaixo e escolha o item "Ignore":

        . A pasta "Settings"
        . .classpath
        . .project

        * Detalhe no projeto Spring boot no STS nenhum destes arquivos aparecerão.

    . Clique com o botão direito e escolha a opção "Commit"

        . Selecione todos os itens da caixa "Unstaged Changes" e arraste para a pasta abaixo "Staged Changes",
            ou clique no botão "++"

        . Clique no botão "Commit and Push" se quiser levar os arquivos para a pasta na nuvem do Github

        . Ou clique no botão "Commit" se quiser levar os arquivos para a pasta local do Github

        . Preencha o campo URI da tela "Destination Git Repository" com o mesmo valor gerado no site 
            do github, o mesmo que foi copiado com "ctrl + c" no "Clone or Download".

            . Informe o usuário e a senha.
            . Next

        . Na tela "Push to Branch in Remote" selecione o checkbox "Force overwrite branch in remote..."

        . Clique em "Close" na tela de resposta, o projeto foi transferido para o Github

5. Verificando o projeto na nuvem:

    . Retorne ao navegador e atualize a URL do projeto recém commitado.

6. Proximos passos:

    . Sempre que quiser atualizar o projeto para o Github dê Push (Enviar para o github local), 
        Commit (Enviar para o github na nuvem) e Pull (Trazer do servidor).

    . Acesse um dos arquivos no servidor web do Github, realize uma alteração. Acesse o projeto
        no Eclipse, botão direito no nó principal, acione a opção "Pull" e confira a alteração.

    . Faça alteração no Eclipse, realize um Commit e confira no site do Github se a alteração foi realizada 
        com sucesso.

    . Certifique-se que o seu projeto está no padrão de "Encoding" UTF8. Clique com o botão direito do
        mouse no nó principal do projeto, acesse o item Properties / Resource / Text File Encoding e 
        deixe como UTF8

    

    

Github em linha de comando:
---------------------------

1. Vá no site do git para criar um repositorio:

    . Acesse o link https://github.com/ e faça o login da sua conta

    . Clique no botão "Create Repository"

    . Informe o nome do repositorio

    . Acione o check com nome "Initialize this Repository with a README"

    . Na lista "Add .gitignore" escolha o item "Java"

    . Clique no botão "Create Repository"

    . Ao ser desviado para a nova tela do repositorio, clique no botão "Clone or Download" e
        copia a URL que será mostrada Ctrl+c

2. Iniciando um repositorio local:

    Mais detalhes podem ser encontrado no link abaixo:

        https://stackoverflow.com/questions/68775869/support-for-password-authentication-was-removed-please-use-a-personal-access-to    

    2.1. Criando um repositorio

        . Acesse:

            https://github.com/settings/profile        

        . Acesse :

            Developer Settings / Personal Access Token / Generate New Token (Give your password) / Fillup the form / 
                click Generate token / Copy the generated Token, it will be something like:
                
                ghp_sFhFsSHhTzMDreGRLjmks4Tzuzgthdvfsrta

        $ git clone https://[Substitua pelo token]@github.com/maransi/Tutoriais.git

        $ cd Tutoriais

        . Faça alteração em algum arquivo

        $ git commit -am "teste"

        $ git push


    2.2. Outra forma de iniciar um repositorio local
    ------------------------------------------------

        . Acesse:

            https://github.com/settings/profile        

        . Acesse :

            Developer Settings / Personal Access Token / Generate New Token (Give your password) / Fillup the form / 
                click Generate token / Copy the generated Token, it will be something like:
                
                ghp_sFhFsSHhTzMDreGRLjmks4Tzuzgthdvfsrta

        $ git clone https://github.com/maransi/Tutoriais.git


        $ cd Tutoriais

        . Digite :

            git remote set-url origin https://[Substitua pelo token]@github.com/maransi/Tutoriais

        . Faça alteração em algum arquivo

        $ git commit -am "teste"

        $ git push




3. Outra Maneira de iniciar um repositorio local:

    . Crie uma pasta no disco:

        $ mkdir Courses
        $ cd Courses

    . Inicialize a pasta no git:

        $ git init

    

3. Situações diversas:

    . Para atualizar um repositorio local em situações que a pasta está desatualizada:

        . Acesse a pasta e execute o comando abaixo:

            $ git pull

        . Outra forma de atualizar o repositorio:

            . Tenha um repositório próprio em dois diretórios diferentes.

            . Faça uma alteração e um commit em um dos diretórios e em seguida dê git push.

            . No outro repositório faça um fetch seguido de um diff:

                $ git fetch
                $ git diff origin/master

            . Você vai ver as diferenças entre o seu código local e o código remoto (que na verdade 
                agora está em sua máquina graças ao fetch), com a alteração que acabou de ser feita, 
                sem que o código local seja alterado.

            . Esta é uma forma segura de atualizar o espelho do repositório remoto em seu repositório 
                local sem fazer merge.

            . O comando git pull existe por ser uma forma mais semântica e simples de "puxar" o código, mas na 
                realidade ele simplesmente acaba executando fetch e em seguida merge. Ex:

                $ git fetch
                $ git merge origin/master

            . No código acima temos a referência de "origin/master" que nada mais é do que a uma referência à cópia da branch 
                "master" obtida através de git fetch em "origin", que é um atalho ao repositório remoto.

            . Para ter a versão remota em sua "área de trabalho", você ainda precisará fazer "merge" deste commit. 
                E isso é feito automaticamente no caso do git pull:

                $ git pull



    . Atualizar os arquivos no repositorio do github:

        # Se o arquivo for novo, ou seja, é a primeira vez que ele irá para o git
        $ git add .

        # Envia os arquivos alterados para o repositorio local
        $ git commit -a -m "Versão Inicial"

        # Se for a primeira vez 
        git push --set-upstream https://www.github.com/maransi/Courses.git master

        # Envia os arquivos da fila para o repositorio na nuvem do github
        $ git push -u origin master

    . Para saber a situação da sua pasta:

        # Mostra a situação dos arquivos que estão pendentes de serem commitados

            $ git status
            No ramo master
            Your branch is up to date with 'origin/master'.

            Changes not staged for commit:
            (utilize "git add <arquivo>..." para atualizar o que será submetido)
            (utilize "git checkout -- <arquivo>..." para descartar mudanças no diretório de trabalho)

                modified:   Resumo Github.txt

            nenhuma modificação adicionada à submissão (utilize "git add" e/ou "git commit -a")

    
        # Mostra os commit e pushes feitos

            $ git log
            commit 1fb6e7f07669f2376a00abeead4567e2a55d4283 (HEAD -> master, origin/master, origin/HEAD)
            Author: Marco <maransi>
            Date:   Tue Apr 28 00:41:41 2020 -0300

                Alteração do Resumo do Curso de Git

            commit 6451bbc957dc0513cfb756bb3679e2e7a4206df5
            Author: Marco <maransi>
            Date:   Tue Apr 28 00:10:10 2020 -0300

                Nova Alteração


        # Apresenta os commits e pushes resumidamente

            $ git shortlog
            Marco (7):
                Versão Inicial
                Versão Inicial da Carta
                Versão Carta
                Alteração da Carta
                Segunda Alteração da Carta
                Nova Alteração
                Alteração do Resumo do Curso de Git

            maransi (3):
                Initial commit
                Versão Inicial
                Arquivos Removidos



            $ git log --oneline
            4593c75 (HEAD -> master, origin/master, origin/HEAD) Atualização Teste
            87ea50d Alterações Diversas
            1fb6e7f Alteração do Resumo do Curso de Git
            6451bbc Nova Alteração
            6e99b5a Segunda Alteração da Carta
            e11ad40 Alteração da Carta
            d4c459f Versão Carta
            be63454 Versão Inicial da Carta
            6cfe9f5 Versão Inicial
            99720f5 Arquivos Removidos
            1a67e96 Versão Inicial
            08f8762 Initial commit


        # Apresenta as mudanças de uma determinada hash de alteração

            $ git show 1fb6e7f07669f2376a00abeead4567e2a55d4283

        
        
        # Para verificar as diferenças dos arquivos que ainda não foram comitados

            $ git status    # Mostrará os arquivos que ainda não foram comitados

            No ramo master
            Your branch is up to date with 'origin/master'.

            Changes not staged for commit:
            (utilize "git add <arquivo>..." para atualizar o que será submetido)
            (utilize "git checkout -- <arquivo>..." para descartar mudanças no diretório de trabalho)

                modified:   Resumo Github.txt

            nenhuma modificação adicionada à submissão (utilize "git add" e/ou "git commit -a")

            $ git diff      # Mostra as diferenças do arquivo "modified"

        # Para eliminar um arquivo nos repositorios do git:

            $ git rm [nome do arquivo]
            $ git commit -am "Exclusão do arquivo"
            $ git push origin master

        # Como renomear um arquivo nos repositorios do git:

            $ git mv [nome do arquivo atual] [nome para o novo arquivo]
            $ git commit -am "Mudança do nome do arquivo"
            $ git push origin master

        # Pesquisar o git fetch
https://metring.com.br/para-que-serve-o-git-fetch-vs-pull        


4. Como retornar uma versão do arquivo:

    . Retornando para uma versão especifica com "git checkout...":

        $ git log --oneline Controle\ de\ Versão.txt
        2bb713e (HEAD) Versão 2
        53dd1e7 Versão 1

        $ cat Controle\ de\ Versão.txt 
        Versão 1

        Versão 2

        # Retorna o conteúdo do arquivo para a versão escolhida
        $  git checkout 53dd1e7 Controle\ de\ Versão.txt
        
        $ cat Controle\ de\ Versão.txt 
        Versão 1
        
        # Não atualiza a fila de log permanece em "2bb713e (HEAD) Versão 2", não apaga nenhuma fila e
        # atualiza o conteúdo do arquivo com a versão do log escolhido
        $ git log --oneline Controle\ de\ Versão.txt
        2bb713e (HEAD) Versão 2
        53dd1e7 Versão 1

    . Voltando para a situação antes do último commit, fazendo revert das alterações antes do último commit

        $ git log --oneline
        5ae7fe1 (HEAD -> master, origin/master, origin/HEAD) Versao 4
        48ac462 Versao 3

        $ cat Controle\ de\ Versão.txt 
        Versão 1

        Versão 2

        Versão 3

        Versão 4        

        # Inclua mais uma linha no arquivo acima e salve o arquivo

        $ cat Controle\ de\ Versão.txt 
        Versão 1

        Versão 2

        Versão 3

        Versão 4        

        Versão 5


        $ git checkout -- Controle\ de\ Versão.txt 

        $ cat Controle\ de\ Versão.txt 
        Versão 1

        Versão 2

        Versão 3

        Versão 4        



    . Retornando para uma versão especifica com "git reset...":

        Exemplo 1:

        $ git log --oneline
        f93f808 (HEAD) Versão 2
        4c3aca9 Versão 1

        $ cat Controle\ de\ Versão.txt 
        Versão 1

        Versão 2

        $ git reset --soft 4c3aca9
        ou
        $ git reset --mixed 4c3aca9

        # Neste caso o git apagou a versão f93f808 da fila e colocou como versão atual 4c3aca9
        # e devido aos parâmetros --soft ou --mixed o conteúdo do arquivo permaneceu o mesmo
        $ git log --oneline
        4c3aca9 (HEAD) Versão 1

        $ cat Controle\ de\ Versão.txt 
        Versão 1

        Versão 2



        Exemplo 2:

        $ git log --oneline
        3eaaab6 (HEAD) Versão 2
        537a994 Versão 1

        $ cat Controle\ de\ Versão.txt 
        Versão 1

        Versão 2

        $ git reset --hard 537a994        

        $ cat Controle\ de\ Versão.txt 
        Versão 1

        # Além de apagar a versão "3eaaab6 (HEAD) Versão 2" da fila o git trouxe o conteúdo da versão 1
        # dos arquivos 
        $ git log --oneline
        537a994 (HEAD) Versão 1

        . Todos os parâmetros --soft --mixed --hard apagam a versão da fila de log, porém com os parâmetros
            --soft --mixed não altera o conteúdo do arquivo deixando com o valor da última versão. Já o 
            parâmetro --hard atualiza o conteúdo do arquivo com o da versão do log.


        Exemplo 3:

        # Crie um arquivo com o conteúdo "Versão 1"

        $ git add .

        $ git commit -am "Versão 1"

        # Edite o mesmo arquivo e acrescente o conteúdo "Versão 2"

        $ git log
        commit f6d9cd6c5d46fd072b732efd0286e919676f922d (HEAD -> master)
        Author: Marco <maransi>
        Date:   Sun May 3 18:20:38 2020 -0300

            Versão 2

        commit b4f24be0c567854df8395330b5a96f3198126ce8
        Author: Marco <maransi>
        Date:   Sun May 3 18:19:01 2020 -0300

            Versão 1

        $ cat ControleVersao.txt 
        Versão 1
        Versão 2

        # O git irá reverter a situação dos arquivos antes da 
        # versão f6d9cd6c5d46fd072b732efd0286e919676f922d
        $ git revert f6d9cd6c5d46fd072b732efd0286e919676f922d

        $ cat ControleVersao.txt 
        Versão 1
 
        # Importante: O comando revert além de reverter a versão criou um novo commit 
        # automaticamente 21f3ef9d6f49edf157520cb1ea06b6dee9293ab5
        $ git log
        commit 21f3ef9d6f49edf157520cb1ea06b6dee9293ab5 (HEAD -> master)
        Author: Marco <maransi>
        Date:   Sun May 3 18:22:17 2020 -0300

            Revert "Versão 2"
            
            This reverts commit f6d9cd6c5d46fd072b732efd0286e919676f922d.

        commit f6d9cd6c5d46fd072b732efd0286e919676f922d
        Author: Marco <maransi>
        Date:   Sun May 3 18:20:38 2020 -0300

            Versão 2

        commit b4f24be0c567854df8395330b5a96f3198126ce8
        Author: Marco <maransi>
        Date:   Sun May 3 18:19:01 2020 -0300

            Versão 1

        # Se usarmos o parâmetro -n não é gerado o commit
        $ git revert f6d9cd6c5d46fd072b732efd0286e919676f922d -n

5. Extras

    . Para desconsiderar arquivos para não serem controlados pelo github basta criar um arquivo
        dentro da pasta com a extensão ".gitignore" e dentro dele os arquivos que você deseja
        desconsiderar. Na URL https://github.com/github/gitignore/blob/master/Java.gitignore 
        tem um exemplo de alguns arquivos que normalmente devemos desconsiderar nos projetos
        java. Se formos na URL https://github.com/github/gitignore encontraremos mais exemplos de 
        outras linguagens.

    . Criando alias / comandos reduzidos para o git. Exemplo:

        $ git status

        # podemos criar um alias para esse comando

        $ git config --global alias.s status

        # Terá o mesmo resultado de "git status"
        $ git s

    . Podemos criar tags para uma versão:

        $ git tag -a 1.0.0 "Versão do mês 05/2020"

        $ git push origin master --tag

        # Ao consultar no repositorio na nuvem do github nas releases podemos identificar
        # essa tag, onde haverá a possibilidade de realizar um download daquela tag/versão
        # dos arquivos.
 
6. Trabalhando com "Branchs":

    . Realizando o Primeiro Commit para podermos criar uma branch:

        git add .
        git commit -am "Primeiro Commit"


    .  Criar uma nova branch: Use o comando git branch seguido do nome da branch que você 
        deseja criar. Por exemplo:

        git branch minha-nova-branch

    . Alternar para a nova branch: Use o comando git checkout seguido do nome da branch que 
        você deseja usar. Por exemplo:

        git checkout minha-nova-branch

    . Verificar a branch atual: Use o comando git branch para verificar qual é a branch atual. 
        A branch atual será destacada com um asterisco (*).

        git branch

    . A forma mais correta para se fazer um "merge" é sempre começar atualizando a branch de trabalho com a "master".
        Após isso, mudar para a branch "master" e atualizá-la com a branch de trabalho.

        . Atualizando a branch de trabalho com a "master"

            . Verificar se há conflitos na branch com as informações da master - Antes de fazer o merge, é uma boa 
                prática verificar se há conflitos entre as duas branches. Você pode usar o comando 
                "git merge --no-commit" para verificar se há conflitos:

                git merge --no-commit master

            . Se não houver conflitos, você pode fazer o merge usando o comando git merge:

                git merge master

            . Se houver conflitos, o Git irá mostrar os arquivos que têm conflitos e você precisará resolvê-los manualmente.

                git merge master
                
                Auto-merging arquivo.txt
                CONFLICT (content): Merge conflict in arquivo.txt
                Automatic merge failed; fix conflicts and then commit the result.

            .  Commitar o merge - Depois de fazer o merge, você precisa commitar as alterações:

                git commit -am "Merge da branch nova-funcionalidade com a master"

            . Podemos usar o comando git status para verificar o status do repositório e identificar quais arquivos têm 
                conflitos:

                git status

                On branch master
                You have unmerged paths.
                (fix conflicts and run "git commit")
                
                Unmerged paths:
                (use "git add <file>..." to mark resolution)
                
                        arquivo.txt

            . Consultando o log de commit

                git log 

        . Fazendo o Merge da "master" com as mudanças da branch nova

            . Mudar para a branch "master"

                git checkout master

            . Verificar se há conflitos na branch com as informações da branch nova - Antes de fazer o merge, é uma boa 
                prática verificar se há conflitos entre as duas branches. Você pode usar o comando 
                "git merge --no-commit" para verificar se há conflitos:

                git merge --no-commit  minha-nova-branch

            . Se não houver conflitos, você pode fazer o merge usando o comando git merge:

                git merge minha-nova-branch

            . Se houver conflitos, o Git irá mostrar os arquivos que têm conflitos e você precisará resolvê-los manualmente.

                git merge master

                Auto-merging arquivo.txt
                CONFLICT (content): Merge conflict in arquivo.txt
                Automatic merge failed; fix conflicts and then commit the result.


            .  Commitar o merge - Depois de fazer o merge, você precisa commitar as alterações:

                git commit -am "Merge da branch nova-funcionalidade com a master"

    . Consultando o log de commit

        git log [-p]
                 |
                 +-->  a opção -p para mostrar as alterações feitas em cada arquivo


        commit 1ae9d1dea0c6b802199a3deb66620e4f84ea8a5f (HEAD -> master, AddingRequiredNugetPackage)
        Author: maransi <maransi>
        Date:   Mon Apr 28 18:25:38 2025 -0300

            DotnetApplication - AddingRequiredNugetPackage

                            +---------------------------------------------------------------------------+
                            |                                                                           |
        commit 554df97a790b036c78f59d329fa304227b337252 (ConnectionStringAndApplicationUser)            |
        Author: maransi <maransi>                                                                       |
        Date:   Mon Apr 28 17:54:56 2025 -0300                                                          |
                                                                                                        |
            DotnetApplication - Creating the PeopleController                                           |
                                                                                                        |
    . Mostrando as alterações em uma branch                                                             |
                                                                                                        |
                    +-----------------------------------------------------------------------------------+
                    |
                    V
        git show <commit hash> 

        git diff <commit_hash>..<commit_hash> -R    // Mostra as alterações feitas entre dois commits. 
                                                    // Você pode usar a opção -R para mostrar as alterações 
                                                    // feitas em cada arquivo

    . O comando "git log --stat" mostra um histórico de commits, incluindo as estatísticas de alterações feitas em cada arquivo:

        git log --stat

        commit 1ae9d1dea0c6b802199a3deb66620e4f84ea8a5f (HEAD -> master, AddingRequiredNugetPackage)
        Author: maransi <maransi>
        Date:   Mon Apr 28 18:25:38 2025 -0300

            DotnetApplication - AddingRequiredNugetPackage

        src/DotnetApiCompleteAuth/DotnetApiCompleteAuth.csproj | 12 ++++++++++++
        src/DotnetApiCompleteAuth/Program.cs                   |  2 +-
        2 files changed, 13 insertions(+), 1 deletion(-)

        commit 554df97a790b036c78f59d329fa304227b337252 (ConnectionStringAndApplicationUser)
        Author: maransi <maransi>
        Date:   Mon Apr 28 17:54:56 2025 -0300

            DotnetApplication - Creating the PeopleController

        .gitignore                                                | 484 +++++++++++++++++++++++++++++++++++++++++
        DotnetApiCompleteAuth.sln                                 |  27 ++++++++
        src/DotnetApiCompleteAuth/Controllers/PeopleController.cs |  24 +++++++
        src/DotnetApiCompleteAuth/DotnetApiCompleteAuth.csproj    |  16 +++++
        src/DotnetApiCompleteAuth/DotnetApiCompleteAuth.http      |   6 ++
        src/DotnetApiCompleteAuth/Program.cs                      |  53 ++++++++++++++++
        src/DotnetApiCompleteAuth/Properties/launchSettings.json  |  41 ++++++++++++
        src/DotnetApiCompleteAuth/appsettings.Development.json    |   8 +++
        src/DotnetApiCompleteAuth/appsettings.json                |   9 +++
        9 files changed, 668 insertions(+)

    . gitk -  é uma ferramenta gráfica para visualizar o histórico de commits do Git. Ela é incluída no pacote Git, 
        então você não precisa instalar nada adicional.
        No entanto, se você estiver usando um sistema operacional que não inclui gitk por padrão, você pode precisar 
        instalar o pacote Git ou atualizar o seu sistema operacional para obter a ferramenta.

        sudo apt-get install gitk

        gitk -a

7. Reverter as alterações locais

    . Se você quer forçar a branch a ficar igualzinha ao que está no repositório remoto (Revertendo as alterações locais):

        git fetch origin
        git reset --hard origin/master

        
